// Jest Snapshot v1, https://goo.gl/fbAQLP

exports[`Test for Calc  Page It should render calc page 1`] = `
<div>
  <section
    className="calc"
  >
    <div
      className="welcome"
    >
       
      <h1>
        Lets do some math
      </h1>
    </div>
    <div
      className="calculator"
    >
      <div
        className="calc__grid"
      >
        <div
          className="calc__btn btn__1 gray"
        >
          <h1
            className="white"
            id="output"
          />
        </div>
        <div
          className="calc__btn"
        >
          <button
            onClick={[Function]}
            type="button"
            value="AC"
          >
            AC
          </button>
        </div>
        <div
          className="calc__btn"
        >
          <button
            onClick={[Function]}
            type="button"
            value="+/-"
          >
            +/-
          </button>
        </div>
        <button
          onClick={[Function]}
          type="button"
          value="%"
        >
          %
        </button>
        <div
          className="calc__btn chockolate"
        >
          <button
            onClick={[Function]}
            type="button"
            value="/"
          >
            /
          </button>
        </div>
        <div
          className="calc__btn"
        >
          <button
            onClick={[Function]}
            type="button"
            value="7"
          >
            7
          </button>
        </div>
        <div
          className="calc__btn"
        >
          <button
            onClick={[Function]}
            type="button"
            value="8"
          >
            8
          </button>
        </div>
        <div
          className="calc__btn"
        >
          <button
            onClick={[Function]}
            type="button"
            value="9"
          >
            9
          </button>
        </div>
        <div
          className="calc__btn chockolate"
        >
          <button
            onClick={[Function]}
            type="button"
            value="x"
          >
            *
          </button>
        </div>
        <div
          className="calc__btn"
        >
          <button
            onClick={[Function]}
            type="button"
            value="4"
          >
            4
          </button>
        </div>
        <div
          className="calc__btn"
        >
          <button
            onClick={[Function]}
            type="button"
            value="5"
          >
            5
          </button>
        </div>
        <div
          className="calc__btn"
        >
          <button
            onClick={[Function]}
            type="button"
            value="6"
          >
            6
          </button>
        </div>
        <div
          className="calc__btn chockolate"
        >
          <button
            onClick={[Function]}
            type="button"
            value="-"
          >
            -
          </button>
        </div>
        <div
          className="calc__btn"
        >
          <button
            onClick={[Function]}
            type="button"
            value="1"
          >
            1
          </button>
        </div>
        <div
          className="calc__btn"
        >
          <button
            onClick={[Function]}
            type="button"
            value="2"
          >
            2
          </button>
        </div>
        <div
          className="calc__btn"
        >
          <button
            onClick={[Function]}
            type="button"
            value="3"
          >
            3
          </button>
        </div>
        <div
          className="calc__btn chockolate"
        >
          <button
            onClick={[Function]}
            type="button"
            value="+"
          >
            +
          </button>
        </div>
        <div
          className="calc__btn zero"
        >
          <button
            onClick={[Function]}
            type="button"
            value="0"
          >
            0
          </button>
        </div>
        <div
          className="calc__btn"
        >
          <button
            onClick={[Function]}
            type="button"
            value="."
          >
            .
          </button>
        </div>
        <div
          className="calc__btn chockolate"
        >
          <button
            onClick={[Function]}
            type="button"
            value="="
          >
            =
          </button>
        </div>
      </div>
       
    </div>
  </section>
</div>
`;

exports[`Test for rendering the navigation It should render home page 1`] = `
<div>
  <section
    className="home"
  >
    <h1>
      Welcome to ourPage
    </h1>
    <p>
      Bacon ipsum dolor amet venison spare ribs biltong, turducken kevin shank tenderloin. Leberkas beef ribs pork, meatloaf shank drumstick pork loin. Filet mignon spare ribs corned beef beef chicken bresaola strip steak pig turducken venison shoulder t-bone biltong. Pig chislic strip steak, andouille spare ribs ham drumstick venison pork belly buffalo t-bone brisket. Pancetta andouille pork ribeye turducken.
    </p>
    <p>
      Leberkas beef ribs pork, meatloaf shank drumstick pork loin. Filet mignon spare ribs corned beef beef chicke bresaola strip steak pig turducken venison shoulder t-bone biltong. Pig chislic strip steak, andouille spare ribs ham drumstick venison pork belly buffalo t-bone brisket. Pancetta andouille pork ribeye turducken.
    </p>
  </section>
</div>
`;

exports[`Test for the  It should render home page 1`] = `
<div>
  <section
    className="home"
  >
    <h1>
      Welcome to ourPage
    </h1>
    <p>
      Bacon ipsum dolor amet venison spare ribs biltong, turducken kevin shank tenderloin. Leberkas beef ribs pork, meatloaf shank drumstick pork loin. Filet mignon spare ribs corned beef beef chicken bresaola strip steak pig turducken venison shoulder t-bone biltong. Pig chislic strip steak, andouille spare ribs ham drumstick venison pork belly buffalo t-bone brisket. Pancetta andouille pork ribeye turducken.
    </p>
    <p>
      Leberkas beef ribs pork, meatloaf shank drumstick pork loin. Filet mignon spare ribs corned beef beef chicke bresaola strip steak pig turducken venison shoulder t-bone biltong. Pig chislic strip steak, andouille spare ribs ham drumstick venison pork belly buffalo t-bone brisket. Pancetta andouille pork ribeye turducken.
    </p>
  </section>
</div>
`;

exports[`Test for the navigation bar section It should render  1`] = `
<div>
  <section
    className="home"
  >
    <h1>
      Welcome to ourPage
    </h1>
    <p>
      Bacon ipsum dolor amet venison spare ribs biltong, turducken kevin shank tenderloin. Leberkas beef ribs pork, meatloaf shank drumstick pork loin. Filet mignon spare ribs corned beef beef chicken bresaola strip steak pig turducken venison shoulder t-bone biltong. Pig chislic strip steak, andouille spare ribs ham drumstick venison pork belly buffalo t-bone brisket. Pancetta andouille pork ribeye turducken.
    </p>
    <p>
      Leberkas beef ribs pork, meatloaf shank drumstick pork loin. Filet mignon spare ribs corned beef beef chicke bresaola strip steak pig turducken venison shoulder t-bone biltong. Pig chislic strip steak, andouille spare ribs ham drumstick venison pork belly buffalo t-bone brisket. Pancetta andouille pork ribeye turducken.
    </p>
  </section>
</div>
`;

exports[`Test for the navigation bar section It should render home page 1`] = `
<div>
  <section
    className="home"
  >
    <h1>
      Welcome to ourPage
    </h1>
    <p>
      Bacon ipsum dolor amet venison spare ribs biltong, turducken kevin shank tenderloin. Leberkas beef ribs pork, meatloaf shank drumstick pork loin. Filet mignon spare ribs corned beef beef chicken bresaola strip steak pig turducken venison shoulder t-bone biltong. Pig chislic strip steak, andouille spare ribs ham drumstick venison pork belly buffalo t-bone brisket. Pancetta andouille pork ribeye turducken.
    </p>
    <p>
      Leberkas beef ribs pork, meatloaf shank drumstick pork loin. Filet mignon spare ribs corned beef beef chicke bresaola strip steak pig turducken venison shoulder t-bone biltong. Pig chislic strip steak, andouille spare ribs ham drumstick venison pork belly buffalo t-bone brisket. Pancetta andouille pork ribeye turducken.
    </p>
  </section>
</div>
`;

exports[`Test for the navigation bar section It should render the navigation bar 1`] = `
<nav>
  <h1>
    Math magicians
  </h1>
  <ul
    className="nav-links"
  >
    <li>
      <a
        aria-current="page"
        className="active"
        href="#/"
        onClick={[Function]}
      >
        Home
      </a>
    </li>
    <li>
      <a
        className=""
        href="#/Calculator"
        onClick={[Function]}
      >
        Calculator
      </a>
    </li>
    <li>
      <a
        className=""
        href="#/quotes"
        onClick={[Function]}
      >
        Quotes
      </a>
    </li>
  </ul>
</nav>
`;
