// Jest Snapshot v1, https://goo.gl/fbAQLP

exports[`Test for all component It should render calculator component 1`] = `
<div
  className="calc__grid"
>
  <div
    className="calc__btn btn__1 gray"
  >
    <h1
      className="white"
      id="output"
    />
  </div>
  <div
    className="calc__btn"
  >
    <button
      onClick={[Function]}
      type="button"
      value="AC"
    >
      AC
    </button>
  </div>
  <div
    className="calc__btn"
  >
    <button
      onClick={[Function]}
      type="button"
      value="+/-"
    >
      +/-
    </button>
  </div>
  <button
    onClick={[Function]}
    type="button"
    value="%"
  >
    %
  </button>
  <div
    className="calc__btn chockolate"
  >
    <button
      onClick={[Function]}
      type="button"
      value="/"
    >
      /
    </button>
  </div>
  <div
    className="calc__btn"
  >
    <button
      onClick={[Function]}
      type="button"
      value="7"
    >
      7
    </button>
  </div>
  <div
    className="calc__btn"
  >
    <button
      onClick={[Function]}
      type="button"
      value="8"
    >
      8
    </button>
  </div>
  <div
    className="calc__btn"
  >
    <button
      onClick={[Function]}
      type="button"
      value="9"
    >
      9
    </button>
  </div>
  <div
    className="calc__btn chockolate"
  >
    <button
      onClick={[Function]}
      type="button"
      value="x"
    >
      *
    </button>
  </div>
  <div
    className="calc__btn"
  >
    <button
      onClick={[Function]}
      type="button"
      value="4"
    >
      4
    </button>
  </div>
  <div
    className="calc__btn"
  >
    <button
      onClick={[Function]}
      type="button"
      value="5"
    >
      5
    </button>
  </div>
  <div
    className="calc__btn"
  >
    <button
      onClick={[Function]}
      type="button"
      value="6"
    >
      6
    </button>
  </div>
  <div
    className="calc__btn chockolate"
  >
    <button
      onClick={[Function]}
      type="button"
      value="-"
    >
      -
    </button>
  </div>
  <div
    className="calc__btn"
  >
    <button
      onClick={[Function]}
      type="button"
      value="1"
    >
      1
    </button>
  </div>
  <div
    className="calc__btn"
  >
    <button
      onClick={[Function]}
      type="button"
      value="2"
    >
      2
    </button>
  </div>
  <div
    className="calc__btn"
  >
    <button
      onClick={[Function]}
      type="button"
      value="3"
    >
      3
    </button>
  </div>
  <div
    className="calc__btn chockolate"
  >
    <button
      onClick={[Function]}
      type="button"
      value="+"
    >
      +
    </button>
  </div>
  <div
    className="calc__btn zero"
  >
    <button
      onClick={[Function]}
      type="button"
      value="0"
    >
      0
    </button>
  </div>
  <div
    className="calc__btn"
  >
    <button
      onClick={[Function]}
      type="button"
      value="."
    >
      .
    </button>
  </div>
  <div
    className="calc__btn chockolate"
  >
    <button
      onClick={[Function]}
      type="button"
      value="="
    >
      =
    </button>
  </div>
</div>
`;
